V3 3
FL C:/Users/Saleh/Desktop/Thesis/skopro_project_xilinx/asdas.vhd 2016/08/02.16:22:59 P.20131013
EN work/q1_1 1470139327 \
      FL C:/Users/Saleh/Desktop/Thesis/skopro_project_xilinx/asdas.vhd \
      PB ieee/std_logic_1164 1381692176
AR work/q1_1/Behaviour 1470139328 \
      FL C:/Users/Saleh/Desktop/Thesis/skopro_project_xilinx/asdas.vhd \
      EN work/q1_1 1470139327
